<html>
<body>
<pre>
<h1>礦ision Build Log</h1>
<h2>Tool Versions:</h2>
IDE-Version: μVision V5.25.3.0
Copyright (C) 2018 ARM Ltd and ARM Germany GmbH. All rights reserved.
License Information: zqq zqq, zqq, LIC=TIVNB-24HVS-TG27T-RMTEA-1FV8X-MEIU6
 
Tool Versions:
Toolchain:       MDK-ARM Plus  Version: 5.18
Toolchain Path:  d:\Keil_v5\ARM\ARMCC\Bin
C Compiler:      Armcc.exe V5.06 update 1 (build 61)
Assembler:       Armasm.exe V5.06 update 1 (build 61)
Linker/Locator:  ArmLink.exe V5.06 update 1 (build 61)
Library Manager: ArmAr.exe V5.06 update 1 (build 61)
Hex Converter:   FromElf.exe V5.06 update 1 (build 61)
CPU DLL:         SARMCM3.DLL V5.18
Dialog DLL:      DARMSTM.DLL V1.65.0.0
Target DLL:      STLink\ST-LINKIII-KEIL_SWO.dll V2.0.18.0
Dialog DLL:      TARMSTM.DLL V1.64.0.0
 
<h2>Project:</h2>
E:\项目\2023.05.29 赵基程 HC-GY91项目资料\软件\采集板程序\2021.04.09 WA GY91SampV1.2\Project\RVMDK（uv4）\GY31SampV1.00.uvprojx
Project File Date:  07/27/2023

<h2>Output:</h2>
*** Using Compiler 'V5.06 update 1 (build 61)', folder: 'd:\Keil_v5\ARM\ARMCC\Bin'
Build target 'GY31SampV1.0'
compiling main.c...
..\..\User\AdcCS1237.h(122): warning:  #1295-D: Deprecated declaration ReadAdc1 - give arg types
  extern unsigned char ReadAdc1();
..\..\User\AdcCS1237.h(123): warning:  #1295-D: Deprecated declaration ReadAdc2 - give arg types
  extern unsigned char ReadAdc2();
..\..\User\AdcCS1237.h(124): warning:  #1295-D: Deprecated declaration ReadAdc3 - give arg types
  extern unsigned char ReadAdc3();
..\..\User\AdcCS1237.h(125): warning:  #1295-D: Deprecated declaration ReadAdc4 - give arg types
  extern unsigned char ReadAdc4();
..\..\User\main.c(219): warning:  #177-D: variable "lbuf22" was declared but never referenced
  	int lbuf[6],lbuf22,carCnt;
..\..\User\main.c(499): warning:  #223-D: function "DelayInit" declared implicitly
  	  DelayInit();
..\..\User\main.c: 6 warnings, 0 errors
linking...
Program Size: Code=12364 RO-data=268 RW-data=124 ZI-data=1780  
FromELF: creating hex file...
After Build - User command #1: D:\Keil_v5\ARM\ARMCC\bin\fromelf.exe  --bin --output  ..\..\Output\GY31sampV10.bin ..\..\Output\GY31sampV10.axf
"..\..\Output\GY31sampV10.axf" - 0 Error(s), 6 Warning(s).

<h2>Software Packages used:</h2>

Package Vendor: ARM
                http://www.keil.com/pack/ARM.CMSIS.4.5.0.pack
                ARM.CMSIS.4.5.0
                CMSIS (Cortex Microcontroller Software Interface Standard)
   * Component: CORE Version: 4.3.0

Package Vendor: Keil
                http://www.keil.com/pack/Keil.STM32F1xx_DFP.2.3.0.pack
                Keil.STM32F1xx_DFP.2.3.0
                STMicroelectronics STM32F1 Series Device Support, Drivers and Examples

<h2>Collection of Component include folders:</h2>
  .\RTE\_GY31SampV1.0
  d:\Keil_v5\ARM\PACK\ARM\CMSIS\4.5.0\CMSIS\Include
  d:\Keil_v5\ARM\PACK\Keil\STM32F1xx_DFP\2.3.0\Device\Include

<h2>Collection of Component Files used:</h2>

   * Component: ARM::CMSIS:CORE:4.3.0
Build Time Elapsed:  00:00:01
</pre>
</body>
</html>
