Component: ARM Compiler 5.06 update 1 (build 61) Tool: armlink [4d35a8]

==============================================================================

Section Cross References

    startup_stm32f10x_md.o(RESET) refers to startup_stm32f10x_md.o(STACK) for __initial_sp
    startup_stm32f10x_md.o(RESET) refers to startup_stm32f10x_md.o(.text) for Reset_Handler
    startup_stm32f10x_md.o(RESET) refers to stm32f10x_it.o(.text) for NMI_Handler
    startup_stm32f10x_md.o(RESET) refers to systick.o(.text) for SysTick_Handler
    startup_stm32f10x_md.o(.text) refers to system_stm32f10x.o(.text) for SystemInit
    startup_stm32f10x_md.o(.text) refers to entry.o(.ARM.Collect$$$$00000000) for __main
    system_stm32f10x.o(.text) refers to system_stm32f10x.o(.data) for SystemCoreClock
    stm32f10x_adc.o(.text) refers to stm32f10x_rcc.o(.text) for RCC_APB2PeriphResetCmd
    stm32f10x_gpio.o(.text) refers to stm32f10x_rcc.o(.text) for RCC_APB2PeriphResetCmd
    stm32f10x_rcc.o(.text) refers to stm32f10x_rcc.o(.data) for APBAHBPrescTable
    stm32f10x_tim.o(.text) refers to stm32f10x_rcc.o(.text) for RCC_APB2PeriphResetCmd
    stm32f10x_usart.o(.text) refers to stm32f10x_rcc.o(.text) for RCC_APB2PeriphResetCmd
    main.o(.text) refers to stm32f10x_rcc.o(.text) for RCC_APB2PeriphClockCmd
    main.o(.text) refers to stm32f10x_gpio.o(.text) for GPIO_Init
    main.o(.text) refers to stm32f10x_tim.o(.text) for TIM_DeInit
    main.o(.text) refers to main.o(.data) for g_iCarCount
    main.o(.text) refers to main.o(.bss) for g_lADCBufSUM
    main.o(.text) refers to usart.o(.text) for MYDMA_Enable
    main.o(.text) refers to adccs1237.o(.text) for DelayInit
    main.o(.text) refers to systick.o(.text) for SysTickInit
    main.o(.text) refers to stm32f10x_dma.o(.text) for DMA_GetCurrDataCounter
    main.o(.text) refers to usart.o(.bss) for g_ucUart2SendBuf
    main.o(.text) refers to usart.o(.data) for g_usUart2RecCnt
    main.o(.text) refers to systick.o(.data) for g_uc1msTick
    stm32f10x_it.o(.text) refers to stm32f10x_tim.o(.text) for TIM_GetITStatus
    stm32f10x_it.o(.text) refers to stm32f10x_usart.o(.text) for USART_GetITStatus
    stm32f10x_it.o(.text) refers to usart.o(.bss) for g_ucUart2RecBuf
    stm32f10x_it.o(.text) refers to usart.o(.data) for g_usUart2RecCnt
    stm32f10x_it.o(.text) refers to main.o(.data) for g_bSending
    systick.o(.text) refers to adccs1237.o(.text) for delay_us
    systick.o(.text) refers to system_stm32f10x.o(.data) for SystemCoreClock
    systick.o(.text) refers to systick.o(.data) for g_uc1msTick
    usart.o(.text) refers to stm32f10x_rcc.o(.text) for RCC_APB2PeriphClockCmd
    usart.o(.text) refers to stm32f10x_gpio.o(.text) for GPIO_Init
    usart.o(.text) refers to stm32f10x_usart.o(.text) for USART_Init
    usart.o(.text) refers to misc.o(.text) for NVIC_PriorityGroupConfig
    usart.o(.text) refers to stm32f10x_dma.o(.text) for DMA_Init
    usart.o(.text) refers to usart.o(.bss) for g_ucUart2SendBuf
    adccs1237.o(.text) refers to stm32f10x_rcc.o(.text) for RCC_APB2PeriphClockCmd
    adccs1237.o(.text) refers to stm32f10x_gpio.o(.text) for GPIO_PinRemapConfig
    adccs1237.o(.text) refers to stm32f10x_tim.o(.text) for TIM_TimeBaseInit
    adccs1237.o(.text) refers to system_stm32f10x.o(.data) for SystemCoreClock
    adccs1237.o(.text) refers to main.o(.data) for g_iad1_dat
    segger_rtt.o(.text) refers to memcpya.o(.text) for __aeabi_memcpy
    segger_rtt.o(.text) refers to segger_rtt.o(.data) for _SEGGER_RTT
    segger_rtt.o(.data) refers to segger_rtt.o(.conststring) for .conststring
    segger_rtt.o(.data) refers to segger_rtt.o(.bss) for _acUpBuffer
    segger_rtt_printf.o(.text) refers to segger_rtt.o(.text) for SEGGER_RTT_Write
    segger_rtt_printf.o(.text) refers to segger_rtt_printf.o(.constdata) for _aV2C
    entry.o(.ARM.Collect$$$$00000000) refers (Special) to entry10a.o(.ARM.Collect$$$$0000000D) for __rt_final_cpp
    entry.o(.ARM.Collect$$$$00000000) refers (Special) to entry11a.o(.ARM.Collect$$$$0000000F) for __rt_final_exit
    entry.o(.ARM.Collect$$$$00000000) refers (Special) to entry7b.o(.ARM.Collect$$$$00000008) for _main_clock
    entry.o(.ARM.Collect$$$$00000000) refers (Special) to entry8b.o(.ARM.Collect$$$$0000000A) for _main_cpp_init
    entry.o(.ARM.Collect$$$$00000000) refers (Special) to entry9a.o(.ARM.Collect$$$$0000000B) for _main_init
    entry.o(.ARM.Collect$$$$00000000) refers (Special) to entry5.o(.ARM.Collect$$$$00000004) for _main_scatterload
    entry.o(.ARM.Collect$$$$00000000) refers (Special) to entry2.o(.ARM.Collect$$$$00000001) for _main_stk
    entry2.o(.ARM.Collect$$$$00000001) refers to entry2.o(.ARM.Collect$$$$00002712) for __lit__00000000
    entry2.o(.ARM.Collect$$$$00002712) refers to startup_stm32f10x_md.o(STACK) for __initial_sp
    entry2.o(__vectab_stack_and_reset_area) refers to startup_stm32f10x_md.o(STACK) for __initial_sp
    entry2.o(__vectab_stack_and_reset_area) refers to entry.o(.ARM.Collect$$$$00000000) for __main
    entry5.o(.ARM.Collect$$$$00000004) refers to init.o(.text) for __scatterload
    entry9a.o(.ARM.Collect$$$$0000000B) refers to main.o(.text) for main
    entry9b.o(.ARM.Collect$$$$0000000C) refers to main.o(.text) for main
    init.o(.text) refers to entry5.o(.ARM.Collect$$$$00000004) for __main_after_scatterload


==============================================================================

Removing Unused input sections from the image.

    Removing startup_stm32f10x_md.o(HEAP), (512 bytes).
    Removing core_cm3.o(.emb_text), (32 bytes).
    Removing stm32f10x_adc.o(.text), (1102 bytes).
    Removing stm32f10x_exti.o(.text), (284 bytes).
    Removing stm32f10x_sdio.o(.text), (468 bytes).
    Removing stm32f10x_it.o(.data), (4 bytes).
    Removing stm32f10x_flash.o(.text), (1468 bytes).
    Removing segger_rtt.o(.text), (924 bytes).
    Removing segger_rtt.o(.bss), (1040 bytes).
    Removing segger_rtt.o(.conststring), (9 bytes).
    Removing segger_rtt.o(.data), (120 bytes).
    Removing segger_rtt_printf.o(.text), (1100 bytes).
    Removing segger_rtt_printf.o(.constdata), (16 bytes).

13 unused section(s) (total 7079 bytes) removed from the image.

==============================================================================

Image Symbol Table

    Local Symbols

    Symbol Name                              Value     Ov Type        Size  Object(Section)

    ../clib/microlib/init/entry.s            0x00000000   Number         0  entry10a.o ABSOLUTE
    ../clib/microlib/init/entry.s            0x00000000   Number         0  entry9b.o ABSOLUTE
    ../clib/microlib/init/entry.s            0x00000000   Number         0  entry.o ABSOLUTE
    ../clib/microlib/init/entry.s            0x00000000   Number         0  entry9a.o ABSOLUTE
    ../clib/microlib/init/entry.s            0x00000000   Number         0  entry2.o ABSOLUTE
    ../clib/microlib/init/entry.s            0x00000000   Number         0  entry8b.o ABSOLUTE
    ../clib/microlib/init/entry.s            0x00000000   Number         0  entry8a.o ABSOLUTE
    ../clib/microlib/init/entry.s            0x00000000   Number         0  entry7b.o ABSOLUTE
    ../clib/microlib/init/entry.s            0x00000000   Number         0  entry7a.o ABSOLUTE
    ../clib/microlib/init/entry.s            0x00000000   Number         0  entry5.o ABSOLUTE
    ../clib/microlib/init/entry.s            0x00000000   Number         0  entry10b.o ABSOLUTE
    ../clib/microlib/init/entry.s            0x00000000   Number         0  entry11a.o ABSOLUTE
    ../clib/microlib/init/entry.s            0x00000000   Number         0  entry11b.o ABSOLUTE
    ../clib/microlib/string/memcpy.c         0x00000000   Number         0  memcpyb.o ABSOLUTE
    ../clib/microlib/string/memcpy.c         0x00000000   Number         0  memcpya.o ABSOLUTE
    ..\..\JlinkRTT\SEGGER_RTT.c              0x00000000   Number         0  segger_rtt.o ABSOLUTE
    ..\..\JlinkRTT\SEGGER_RTT_Printf.c       0x00000000   Number         0  segger_rtt_printf.o ABSOLUTE
    ..\..\Libraries\CMSIS\core_cm3.c         0x00000000   Number         0  core_cm3.o ABSOLUTE
    ..\..\Libraries\CMSIS\startup\startup_stm32f10x_md.s 0x00000000   Number         0  startup_stm32f10x_md.o ABSOLUTE
    ..\..\Libraries\CMSIS\system_stm32f10x.c 0x00000000   Number         0  system_stm32f10x.o ABSOLUTE
    ..\..\Libraries\FWlib\src\misc.c         0x00000000   Number         0  misc.o ABSOLUTE
    ..\..\Libraries\FWlib\src\stm32f10x_adc.c 0x00000000   Number         0  stm32f10x_adc.o ABSOLUTE
    ..\..\Libraries\FWlib\src\stm32f10x_dma.c 0x00000000   Number         0  stm32f10x_dma.o ABSOLUTE
    ..\..\Libraries\FWlib\src\stm32f10x_exti.c 0x00000000   Number         0  stm32f10x_exti.o ABSOLUTE
    ..\..\Libraries\FWlib\src\stm32f10x_flash.c 0x00000000   Number         0  stm32f10x_flash.o ABSOLUTE
    ..\..\Libraries\FWlib\src\stm32f10x_gpio.c 0x00000000   Number         0  stm32f10x_gpio.o ABSOLUTE
    ..\..\Libraries\FWlib\src\stm32f10x_rcc.c 0x00000000   Number         0  stm32f10x_rcc.o ABSOLUTE
    ..\..\Libraries\FWlib\src\stm32f10x_sdio.c 0x00000000   Number         0  stm32f10x_sdio.o ABSOLUTE
    ..\..\Libraries\FWlib\src\stm32f10x_tim.c 0x00000000   Number         0  stm32f10x_tim.o ABSOLUTE
    ..\..\Libraries\FWlib\src\stm32f10x_usart.c 0x00000000   Number         0  stm32f10x_usart.o ABSOLUTE
    ..\..\User\AdcCS1237.c                   0x00000000   Number         0  adccs1237.o ABSOLUTE
    ..\..\User\Systick.c                     0x00000000   Number         0  systick.o ABSOLUTE
    ..\..\User\USART.c                       0x00000000   Number         0  usart.o ABSOLUTE
    ..\..\User\main.c                        0x00000000   Number         0  main.o ABSOLUTE
    ..\..\User\stm32f10x_it.c                0x00000000   Number         0  stm32f10x_it.o ABSOLUTE
    ..\\..\\Libraries\\CMSIS\\core_cm3.c     0x00000000   Number         0  core_cm3.o ABSOLUTE
    dc.s                                     0x00000000   Number         0  dc.o ABSOLUTE
    handlers.s                               0x00000000   Number         0  handlers.o ABSOLUTE
    init.s                                   0x00000000   Number         0  init.o ABSOLUTE
    RESET                                    0x08000000   Section      236  startup_stm32f10x_md.o(RESET)
    .ARM.Collect$$$$00000000                 0x080000ec   Section        0  entry.o(.ARM.Collect$$$$00000000)
    .ARM.Collect$$$$00000001                 0x080000ec   Section        4  entry2.o(.ARM.Collect$$$$00000001)
    .ARM.Collect$$$$00000004                 0x080000f0   Section        4  entry5.o(.ARM.Collect$$$$00000004)
    .ARM.Collect$$$$00000008                 0x080000f4   Section        0  entry7b.o(.ARM.Collect$$$$00000008)
    .ARM.Collect$$$$0000000A                 0x080000f4   Section        0  entry8b.o(.ARM.Collect$$$$0000000A)
    .ARM.Collect$$$$0000000B                 0x080000f4   Section        8  entry9a.o(.ARM.Collect$$$$0000000B)
    .ARM.Collect$$$$0000000D                 0x080000fc   Section        0  entry10a.o(.ARM.Collect$$$$0000000D)
    .ARM.Collect$$$$0000000F                 0x080000fc   Section        0  entry11a.o(.ARM.Collect$$$$0000000F)
    .ARM.Collect$$$$00002712                 0x080000fc   Section        4  entry2.o(.ARM.Collect$$$$00002712)
    __lit__00000000                          0x080000fc   Data           4  entry2.o(.ARM.Collect$$$$00002712)
    .text                                    0x08000100   Section       36  startup_stm32f10x_md.o(.text)
    .text                                    0x08000124   Section        0  system_stm32f10x.o(.text)
    SetSysClockTo48                          0x08000125   Thumb Code   210  system_stm32f10x.o(.text)
    SetSysClock                              0x080001f7   Thumb Code     8  system_stm32f10x.o(.text)
    .text                                    0x08000300   Section        0  misc.o(.text)
    .text                                    0x080003dc   Section        0  stm32f10x_gpio.o(.text)
    .text                                    0x08000738   Section        0  stm32f10x_rcc.o(.text)
    .text                                    0x08000adc   Section        0  stm32f10x_tim.o(.text)
    TI4_Config                               0x08000f83   Thumb Code   130  stm32f10x_tim.o(.text)
    TI3_Config                               0x08001017   Thumb Code   122  stm32f10x_tim.o(.text)
    TI2_Config                               0x080010ab   Thumb Code   130  stm32f10x_tim.o(.text)
    TI1_Config                               0x0800113f   Thumb Code   108  stm32f10x_tim.o(.text)
    .text                                    0x080018f8   Section        0  stm32f10x_usart.o(.text)
    .text                                    0x08001d00   Section        0  stm32f10x_dma.o(.text)
    .text                                    0x08001f54   Section        0  main.o(.text)
    .text                                    0x08002718   Section        0  stm32f10x_it.o(.text)
    .text                                    0x080028b0   Section        0  systick.o(.text)
    .text                                    0x080029e8   Section        0  usart.o(.text)
    .text                                    0x08002b14   Section        0  adccs1237.o(.text)
    .text                                    0x080030f4   Section       36  init.o(.text)
    i.__scatterload_copy                     0x08003118   Section       14  handlers.o(i.__scatterload_copy)
    i.__scatterload_null                     0x08003126   Section        2  handlers.o(i.__scatterload_null)
    i.__scatterload_zeroinit                 0x08003128   Section       14  handlers.o(i.__scatterload_zeroinit)
    .data                                    0x20000000   Section       20  system_stm32f10x.o(.data)
    .data                                    0x20000014   Section       20  stm32f10x_rcc.o(.data)
    APBAHBPrescTable                         0x20000014   Data          16  stm32f10x_rcc.o(.data)
    ADCPrescTable                            0x20000024   Data           4  stm32f10x_rcc.o(.data)
    .data                                    0x20000028   Section       60  main.o(.data)
    .data                                    0x20000064   Section       16  systick.o(.data)
    .data                                    0x20000074   Section        7  usart.o(.data)
    .bss                                     0x2000007c   Section      692  main.o(.bss)
    .bss                                     0x20000330   Section       60  usart.o(.bss)
    STACK                                    0x20000370   Section     1024  startup_stm32f10x_md.o(STACK)

    Global Symbols

    Symbol Name                              Value     Ov Type        Size  Object(Section)

    BuildAttributes$$THM_ISAv4$P$D$K$B$S$PE$A:L22UL41UL21$X:L11$S22US41US21$IEEE1$IW$USESV6$~STKCKD$USESV7$~SHL$OSPACE$EBA8$MICROLIB$REQ8$PRES8$EABIv2 0x00000000   Number         0  anon$$obj.o ABSOLUTE
    __ARM_use_no_argv                        0x00000000   Number         0  main.o ABSOLUTE
    __cpp_initialize__aeabi_                  - Undefined Weak Reference
    __cxa_finalize                            - Undefined Weak Reference
    __decompress                              - Undefined Weak Reference
    _clock_init                               - Undefined Weak Reference
    _microlib_exit                            - Undefined Weak Reference
    __Vectors_Size                           0x000000ec   Number         0  startup_stm32f10x_md.o ABSOLUTE
    __Vectors                                0x08000000   Data           4  startup_stm32f10x_md.o(RESET)
    __Vectors_End                            0x080000ec   Data           0  startup_stm32f10x_md.o(RESET)
    __main                                   0x080000ed   Thumb Code     0  entry.o(.ARM.Collect$$$$00000000)
    _main_stk                                0x080000ed   Thumb Code     0  entry2.o(.ARM.Collect$$$$00000001)
    _main_scatterload                        0x080000f1   Thumb Code     0  entry5.o(.ARM.Collect$$$$00000004)
    __main_after_scatterload                 0x080000f5   Thumb Code     0  entry5.o(.ARM.Collect$$$$00000004)
    _main_clock                              0x080000f5   Thumb Code     0  entry7b.o(.ARM.Collect$$$$00000008)
    _main_cpp_init                           0x080000f5   Thumb Code     0  entry8b.o(.ARM.Collect$$$$0000000A)
    _main_init                               0x080000f5   Thumb Code     0  entry9a.o(.ARM.Collect$$$$0000000B)
    __rt_final_cpp                           0x080000fd   Thumb Code     0  entry10a.o(.ARM.Collect$$$$0000000D)
    __rt_final_exit                          0x080000fd   Thumb Code     0  entry11a.o(.ARM.Collect$$$$0000000F)
    Reset_Handler                            0x08000101   Thumb Code     8  startup_stm32f10x_md.o(.text)
    ADC1_2_IRQHandler                        0x0800011b   Thumb Code     0  startup_stm32f10x_md.o(.text)
    CAN1_RX1_IRQHandler                      0x0800011b   Thumb Code     0  startup_stm32f10x_md.o(.text)
    CAN1_SCE_IRQHandler                      0x0800011b   Thumb Code     0  startup_stm32f10x_md.o(.text)
    DMA1_Channel1_IRQHandler                 0x0800011b   Thumb Code     0  startup_stm32f10x_md.o(.text)
    DMA1_Channel2_IRQHandler                 0x0800011b   Thumb Code     0  startup_stm32f10x_md.o(.text)
    DMA1_Channel3_IRQHandler                 0x0800011b   Thumb Code     0  startup_stm32f10x_md.o(.text)
    DMA1_Channel4_IRQHandler                 0x0800011b   Thumb Code     0  startup_stm32f10x_md.o(.text)
    DMA1_Channel5_IRQHandler                 0x0800011b   Thumb Code     0  startup_stm32f10x_md.o(.text)
    DMA1_Channel6_IRQHandler                 0x0800011b   Thumb Code     0  startup_stm32f10x_md.o(.text)
    DMA1_Channel7_IRQHandler                 0x0800011b   Thumb Code     0  startup_stm32f10x_md.o(.text)
    EXTI0_IRQHandler                         0x0800011b   Thumb Code     0  startup_stm32f10x_md.o(.text)
    EXTI1_IRQHandler                         0x0800011b   Thumb Code     0  startup_stm32f10x_md.o(.text)
    EXTI3_IRQHandler                         0x0800011b   Thumb Code     0  startup_stm32f10x_md.o(.text)
    EXTI4_IRQHandler                         0x0800011b   Thumb Code     0  startup_stm32f10x_md.o(.text)
    FLASH_IRQHandler                         0x0800011b   Thumb Code     0  startup_stm32f10x_md.o(.text)
    I2C1_ER_IRQHandler                       0x0800011b   Thumb Code     0  startup_stm32f10x_md.o(.text)
    I2C1_EV_IRQHandler                       0x0800011b   Thumb Code     0  startup_stm32f10x_md.o(.text)
    I2C2_ER_IRQHandler                       0x0800011b   Thumb Code     0  startup_stm32f10x_md.o(.text)
    I2C2_EV_IRQHandler                       0x0800011b   Thumb Code     0  startup_stm32f10x_md.o(.text)
    PVD_IRQHandler                           0x0800011b   Thumb Code     0  startup_stm32f10x_md.o(.text)
    RCC_IRQHandler                           0x0800011b   Thumb Code     0  startup_stm32f10x_md.o(.text)
    RTCAlarm_IRQHandler                      0x0800011b   Thumb Code     0  startup_stm32f10x_md.o(.text)
    RTC_IRQHandler                           0x0800011b   Thumb Code     0  startup_stm32f10x_md.o(.text)
    SPI1_IRQHandler                          0x0800011b   Thumb Code     0  startup_stm32f10x_md.o(.text)
    SPI2_IRQHandler                          0x0800011b   Thumb Code     0  startup_stm32f10x_md.o(.text)
    TAMPER_IRQHandler                        0x0800011b   Thumb Code     0  startup_stm32f10x_md.o(.text)
    TIM1_BRK_IRQHandler                      0x0800011b   Thumb Code     0  startup_stm32f10x_md.o(.text)
    TIM1_CC_IRQHandler                       0x0800011b   Thumb Code     0  startup_stm32f10x_md.o(.text)
    TIM1_TRG_COM_IRQHandler                  0x0800011b   Thumb Code     0  startup_stm32f10x_md.o(.text)
    TIM1_UP_IRQHandler                       0x0800011b   Thumb Code     0  startup_stm32f10x_md.o(.text)
    USART3_IRQHandler                        0x0800011b   Thumb Code     0  startup_stm32f10x_md.o(.text)
    USBWakeUp_IRQHandler                     0x0800011b   Thumb Code     0  startup_stm32f10x_md.o(.text)
    WWDG_IRQHandler                          0x0800011b   Thumb Code     0  startup_stm32f10x_md.o(.text)
    SystemInit                               0x080001ff   Thumb Code    78  system_stm32f10x.o(.text)
    SystemCoreClockUpdate                    0x0800024d   Thumb Code   142  system_stm32f10x.o(.text)
    NVIC_PriorityGroupConfig                 0x08000301   Thumb Code    10  misc.o(.text)
    NVIC_Init                                0x0800030b   Thumb Code   100  misc.o(.text)
    NVIC_SetVectorTable                      0x0800036f   Thumb Code    14  misc.o(.text)
    NVIC_SystemLPConfig                      0x0800037d   Thumb Code    34  misc.o(.text)
    SysTick_CLKSourceConfig                  0x0800039f   Thumb Code    40  misc.o(.text)
    GPIO_DeInit                              0x080003dd   Thumb Code   172  stm32f10x_gpio.o(.text)
    GPIO_AFIODeInit                          0x08000489   Thumb Code    20  stm32f10x_gpio.o(.text)
    GPIO_Init                                0x0800049d   Thumb Code   278  stm32f10x_gpio.o(.text)
    GPIO_StructInit                          0x080005b3   Thumb Code    16  stm32f10x_gpio.o(.text)
    GPIO_ReadInputDataBit                    0x080005c3   Thumb Code    18  stm32f10x_gpio.o(.text)
    GPIO_ReadInputData                       0x080005d5   Thumb Code     8  stm32f10x_gpio.o(.text)
    GPIO_ReadOutputDataBit                   0x080005dd   Thumb Code    18  stm32f10x_gpio.o(.text)
    GPIO_ReadOutputData                      0x080005ef   Thumb Code     8  stm32f10x_gpio.o(.text)
    GPIO_SetBits                             0x080005f7   Thumb Code     4  stm32f10x_gpio.o(.text)
    GPIO_ResetBits                           0x080005fb   Thumb Code     4  stm32f10x_gpio.o(.text)
    GPIO_WriteBit                            0x080005ff   Thumb Code    10  stm32f10x_gpio.o(.text)
    GPIO_Write                               0x08000609   Thumb Code     4  stm32f10x_gpio.o(.text)
    GPIO_PinLockConfig                       0x0800060d   Thumb Code    18  stm32f10x_gpio.o(.text)
    GPIO_EventOutputConfig                   0x0800061f   Thumb Code    26  stm32f10x_gpio.o(.text)
    GPIO_EventOutputCmd                      0x08000639   Thumb Code     6  stm32f10x_gpio.o(.text)
    GPIO_PinRemapConfig                      0x0800063f   Thumb Code   138  stm32f10x_gpio.o(.text)
    GPIO_EXTILineConfig                      0x080006c9   Thumb Code    66  stm32f10x_gpio.o(.text)
    GPIO_ETH_MediaInterfaceConfig            0x0800070b   Thumb Code     8  stm32f10x_gpio.o(.text)
    RCC_DeInit                               0x08000739   Thumb Code    64  stm32f10x_rcc.o(.text)
    RCC_HSEConfig                            0x08000779   Thumb Code    70  stm32f10x_rcc.o(.text)
    RCC_GetFlagStatus                        0x080007bf   Thumb Code    56  stm32f10x_rcc.o(.text)
    RCC_WaitForHSEStartUp                    0x080007f7   Thumb Code    56  stm32f10x_rcc.o(.text)
    RCC_AdjustHSICalibrationValue            0x0800082f   Thumb Code    20  stm32f10x_rcc.o(.text)
    RCC_HSICmd                               0x08000843   Thumb Code     6  stm32f10x_rcc.o(.text)
    RCC_PLLConfig                            0x08000849   Thumb Code    24  stm32f10x_rcc.o(.text)
    RCC_PLLCmd                               0x08000861   Thumb Code     6  stm32f10x_rcc.o(.text)
    RCC_SYSCLKConfig                         0x08000867   Thumb Code    18  stm32f10x_rcc.o(.text)
    RCC_GetSYSCLKSource                      0x08000879   Thumb Code    10  stm32f10x_rcc.o(.text)
    RCC_HCLKConfig                           0x08000883   Thumb Code    18  stm32f10x_rcc.o(.text)
    RCC_PCLK1Config                          0x08000895   Thumb Code    18  stm32f10x_rcc.o(.text)
    RCC_PCLK2Config                          0x080008a7   Thumb Code    20  stm32f10x_rcc.o(.text)
    RCC_ITConfig                             0x080008bb   Thumb Code    26  stm32f10x_rcc.o(.text)
    RCC_USBCLKConfig                         0x080008d5   Thumb Code     8  stm32f10x_rcc.o(.text)
    RCC_ADCCLKConfig                         0x080008dd   Thumb Code    18  stm32f10x_rcc.o(.text)
    RCC_LSEConfig                            0x080008ef   Thumb Code    50  stm32f10x_rcc.o(.text)
    RCC_LSICmd                               0x08000921   Thumb Code     6  stm32f10x_rcc.o(.text)
    RCC_RTCCLKConfig                         0x08000927   Thumb Code    12  stm32f10x_rcc.o(.text)
    RCC_RTCCLKCmd                            0x08000933   Thumb Code     8  stm32f10x_rcc.o(.text)
    RCC_GetClocksFreq                        0x0800093b   Thumb Code   192  stm32f10x_rcc.o(.text)
    RCC_AHBPeriphClockCmd                    0x080009fb   Thumb Code    26  stm32f10x_rcc.o(.text)
    RCC_APB2PeriphClockCmd                   0x08000a15   Thumb Code    26  stm32f10x_rcc.o(.text)
    RCC_APB1PeriphClockCmd                   0x08000a2f   Thumb Code    26  stm32f10x_rcc.o(.text)
    RCC_APB2PeriphResetCmd                   0x08000a49   Thumb Code    26  stm32f10x_rcc.o(.text)
    RCC_APB1PeriphResetCmd                   0x08000a63   Thumb Code    26  stm32f10x_rcc.o(.text)
    RCC_BackupResetCmd                       0x08000a7d   Thumb Code     8  stm32f10x_rcc.o(.text)
    RCC_ClockSecuritySystemCmd               0x08000a85   Thumb Code     6  stm32f10x_rcc.o(.text)
    RCC_MCOConfig                            0x08000a8b   Thumb Code     6  stm32f10x_rcc.o(.text)
    RCC_ClearFlag                            0x08000a91   Thumb Code    14  stm32f10x_rcc.o(.text)
    RCC_GetITStatus                          0x08000a9f   Thumb Code    20  stm32f10x_rcc.o(.text)
    RCC_ClearITPendingBit                    0x08000ab3   Thumb Code     6  stm32f10x_rcc.o(.text)
    TIM_DeInit                               0x08000add   Thumb Code   424  stm32f10x_tim.o(.text)
    TIM_TimeBaseInit                         0x08000c85   Thumb Code   122  stm32f10x_tim.o(.text)
    TIM_OC1Init                              0x08000cff   Thumb Code   132  stm32f10x_tim.o(.text)
    TIM_OC2Init                              0x08000d83   Thumb Code   154  stm32f10x_tim.o(.text)
    TIM_OC3Init                              0x08000e1d   Thumb Code   150  stm32f10x_tim.o(.text)
    TIM_OC4Init                              0x08000eb3   Thumb Code   182  stm32f10x_tim.o(.text)
    TIM_SetIC4Prescaler                      0x08000f69   Thumb Code    26  stm32f10x_tim.o(.text)
    TIM_SetIC3Prescaler                      0x08001005   Thumb Code    18  stm32f10x_tim.o(.text)
    TIM_SetIC2Prescaler                      0x08001091   Thumb Code    26  stm32f10x_tim.o(.text)
    TIM_SetIC1Prescaler                      0x0800112d   Thumb Code    18  stm32f10x_tim.o(.text)
    TIM_ICInit                               0x080011ab   Thumb Code   150  stm32f10x_tim.o(.text)
    TIM_PWMIConfig                           0x08001241   Thumb Code   124  stm32f10x_tim.o(.text)
    TIM_BDTRConfig                           0x080012bd   Thumb Code    32  stm32f10x_tim.o(.text)
    TIM_TimeBaseStructInit                   0x080012dd   Thumb Code    18  stm32f10x_tim.o(.text)
    TIM_OCStructInit                         0x080012ef   Thumb Code    20  stm32f10x_tim.o(.text)
    TIM_ICStructInit                         0x08001303   Thumb Code    18  stm32f10x_tim.o(.text)
    TIM_BDTRStructInit                       0x08001315   Thumb Code    40  stm32f10x_tim.o(.text)
    TIM_Cmd                                  0x0800133d   Thumb Code    24  stm32f10x_tim.o(.text)
    TIM_CtrlPWMOutputs                       0x08001355   Thumb Code    30  stm32f10x_tim.o(.text)
    TIM_ITConfig                             0x08001373   Thumb Code    18  stm32f10x_tim.o(.text)
    TIM_GenerateEvent                        0x08001385   Thumb Code     4  stm32f10x_tim.o(.text)
    TIM_DMAConfig                            0x08001389   Thumb Code    10  stm32f10x_tim.o(.text)
    TIM_DMACmd                               0x08001393   Thumb Code    18  stm32f10x_tim.o(.text)
    TIM_InternalClockConfig                  0x080013a5   Thumb Code    12  stm32f10x_tim.o(.text)
    TIM_SelectInputTrigger                   0x080013b1   Thumb Code    18  stm32f10x_tim.o(.text)
    TIM_ITRxExternalClockConfig              0x080013c3   Thumb Code    24  stm32f10x_tim.o(.text)
    TIM_TIxExternalClockConfig               0x080013db   Thumb Code    62  stm32f10x_tim.o(.text)
    TIM_ETRConfig                            0x08001419   Thumb Code    28  stm32f10x_tim.o(.text)
    TIM_ETRClockMode1Config                  0x08001435   Thumb Code    54  stm32f10x_tim.o(.text)
    TIM_ETRClockMode2Config                  0x0800146b   Thumb Code    32  stm32f10x_tim.o(.text)
    TIM_PrescalerConfig                      0x0800148b   Thumb Code     6  stm32f10x_tim.o(.text)
    TIM_CounterModeConfig                    0x08001491   Thumb Code    18  stm32f10x_tim.o(.text)
    TIM_EncoderInterfaceConfig               0x080014a3   Thumb Code    66  stm32f10x_tim.o(.text)
    TIM_ForcedOC1Config                      0x080014e5   Thumb Code    18  stm32f10x_tim.o(.text)
    TIM_ForcedOC2Config                      0x080014f7   Thumb Code    26  stm32f10x_tim.o(.text)
    TIM_ForcedOC3Config                      0x08001511   Thumb Code    18  stm32f10x_tim.o(.text)
    TIM_ForcedOC4Config                      0x08001523   Thumb Code    26  stm32f10x_tim.o(.text)
    TIM_ARRPreloadConfig                     0x0800153d   Thumb Code    24  stm32f10x_tim.o(.text)
    TIM_SelectCOM                            0x08001555   Thumb Code    24  stm32f10x_tim.o(.text)
    TIM_SelectCCDMA                          0x0800156d   Thumb Code    24  stm32f10x_tim.o(.text)
    TIM_CCPreloadControl                     0x08001585   Thumb Code    24  stm32f10x_tim.o(.text)
    TIM_OC1PreloadConfig                     0x0800159d   Thumb Code    18  stm32f10x_tim.o(.text)
    TIM_OC2PreloadConfig                     0x080015af   Thumb Code    26  stm32f10x_tim.o(.text)
    TIM_OC3PreloadConfig                     0x080015c9   Thumb Code    18  stm32f10x_tim.o(.text)
    TIM_OC4PreloadConfig                     0x080015db   Thumb Code    26  stm32f10x_tim.o(.text)
    TIM_OC1FastConfig                        0x080015f5   Thumb Code    18  stm32f10x_tim.o(.text)
    TIM_OC2FastConfig                        0x08001607   Thumb Code    26  stm32f10x_tim.o(.text)
    TIM_OC3FastConfig                        0x08001621   Thumb Code    18  stm32f10x_tim.o(.text)
    TIM_OC4FastConfig                        0x08001633   Thumb Code    26  stm32f10x_tim.o(.text)
    TIM_ClearOC1Ref                          0x0800164d   Thumb Code    18  stm32f10x_tim.o(.text)
    TIM_ClearOC2Ref                          0x0800165f   Thumb Code    24  stm32f10x_tim.o(.text)
    TIM_ClearOC3Ref                          0x08001677   Thumb Code    18  stm32f10x_tim.o(.text)
    TIM_ClearOC4Ref                          0x08001689   Thumb Code    24  stm32f10x_tim.o(.text)
    TIM_OC1PolarityConfig                    0x080016a1   Thumb Code    18  stm32f10x_tim.o(.text)
    TIM_OC1NPolarityConfig                   0x080016b3   Thumb Code    18  stm32f10x_tim.o(.text)
    TIM_OC2PolarityConfig                    0x080016c5   Thumb Code    26  stm32f10x_tim.o(.text)
    TIM_OC2NPolarityConfig                   0x080016df   Thumb Code    26  stm32f10x_tim.o(.text)
    TIM_OC3PolarityConfig                    0x080016f9   Thumb Code    26  stm32f10x_tim.o(.text)
    TIM_OC3NPolarityConfig                   0x08001713   Thumb Code    26  stm32f10x_tim.o(.text)
    TIM_OC4PolarityConfig                    0x0800172d   Thumb Code    26  stm32f10x_tim.o(.text)
    TIM_CCxCmd                               0x08001747   Thumb Code    30  stm32f10x_tim.o(.text)
    TIM_CCxNCmd                              0x08001765   Thumb Code    30  stm32f10x_tim.o(.text)
    TIM_SelectOCxM                           0x08001783   Thumb Code    82  stm32f10x_tim.o(.text)
    TIM_UpdateDisableConfig                  0x080017d5   Thumb Code    24  stm32f10x_tim.o(.text)
    TIM_UpdateRequestConfig                  0x080017ed   Thumb Code    24  stm32f10x_tim.o(.text)
    TIM_SelectHallSensor                     0x08001805   Thumb Code    24  stm32f10x_tim.o(.text)
    TIM_SelectOnePulseMode                   0x0800181d   Thumb Code    18  stm32f10x_tim.o(.text)
    TIM_SelectOutputTrigger                  0x0800182f   Thumb Code    18  stm32f10x_tim.o(.text)
    TIM_SelectSlaveMode                      0x08001841   Thumb Code    18  stm32f10x_tim.o(.text)
    TIM_SelectMasterSlaveMode                0x08001853   Thumb Code    18  stm32f10x_tim.o(.text)
    TIM_SetCounter                           0x08001865   Thumb Code     4  stm32f10x_tim.o(.text)
    TIM_SetAutoreload                        0x08001869   Thumb Code     4  stm32f10x_tim.o(.text)
    TIM_SetCompare1                          0x0800186d   Thumb Code     4  stm32f10x_tim.o(.text)
    TIM_SetCompare2                          0x08001871   Thumb Code     4  stm32f10x_tim.o(.text)
    TIM_SetCompare3                          0x08001875   Thumb Code     4  stm32f10x_tim.o(.text)
    TIM_SetCompare4                          0x08001879   Thumb Code     6  stm32f10x_tim.o(.text)
    TIM_SetClockDivision                     0x0800187f   Thumb Code    18  stm32f10x_tim.o(.text)
    TIM_GetCapture1                          0x08001891   Thumb Code     6  stm32f10x_tim.o(.text)
    TIM_GetCapture2                          0x08001897   Thumb Code     6  stm32f10x_tim.o(.text)
    TIM_GetCapture3                          0x0800189d   Thumb Code     6  stm32f10x_tim.o(.text)
    TIM_GetCapture4                          0x080018a3   Thumb Code     8  stm32f10x_tim.o(.text)
    TIM_GetCounter                           0x080018ab   Thumb Code     6  stm32f10x_tim.o(.text)
    TIM_GetPrescaler                         0x080018b1   Thumb Code     6  stm32f10x_tim.o(.text)
    TIM_GetFlagStatus                        0x080018b7   Thumb Code    18  stm32f10x_tim.o(.text)
    TIM_ClearFlag                            0x080018c9   Thumb Code     6  stm32f10x_tim.o(.text)
    TIM_GetITStatus                          0x080018cf   Thumb Code    34  stm32f10x_tim.o(.text)
    TIM_ClearITPendingBit                    0x080018f1   Thumb Code     6  stm32f10x_tim.o(.text)
    USART_DeInit                             0x080018f9   Thumb Code   134  stm32f10x_usart.o(.text)
    USART_Init                               0x0800197f   Thumb Code   210  stm32f10x_usart.o(.text)
    USART_StructInit                         0x08001a51   Thumb Code    24  stm32f10x_usart.o(.text)
    USART_ClockInit                          0x08001a69   Thumb Code    34  stm32f10x_usart.o(.text)
    USART_ClockStructInit                    0x08001a8b   Thumb Code    12  stm32f10x_usart.o(.text)
    USART_Cmd                                0x08001a97   Thumb Code    24  stm32f10x_usart.o(.text)
    USART_ITConfig                           0x08001aaf   Thumb Code    74  stm32f10x_usart.o(.text)
    USART_DMACmd                             0x08001af9   Thumb Code    18  stm32f10x_usart.o(.text)
    USART_SetAddress                         0x08001b0b   Thumb Code    18  stm32f10x_usart.o(.text)
    USART_WakeUpConfig                       0x08001b1d   Thumb Code    18  stm32f10x_usart.o(.text)
    USART_ReceiverWakeUpCmd                  0x08001b2f   Thumb Code    24  stm32f10x_usart.o(.text)
    USART_LINBreakDetectLengthConfig         0x08001b47   Thumb Code    18  stm32f10x_usart.o(.text)
    USART_LINCmd                             0x08001b59   Thumb Code    24  stm32f10x_usart.o(.text)
    USART_SendData                           0x08001b71   Thumb Code     8  stm32f10x_usart.o(.text)
    USART_ReceiveData                        0x08001b79   Thumb Code    10  stm32f10x_usart.o(.text)
    USART_SendBreak                          0x08001b83   Thumb Code    10  stm32f10x_usart.o(.text)
    USART_SetGuardTime                       0x08001b8d   Thumb Code    16  stm32f10x_usart.o(.text)
    USART_SetPrescaler                       0x08001b9d   Thumb Code    16  stm32f10x_usart.o(.text)
    USART_SmartCardCmd                       0x08001bad   Thumb Code    24  stm32f10x_usart.o(.text)
    USART_SmartCardNACKCmd                   0x08001bc5   Thumb Code    24  stm32f10x_usart.o(.text)
    USART_HalfDuplexCmd                      0x08001bdd   Thumb Code    24  stm32f10x_usart.o(.text)
    USART_OverSampling8Cmd                   0x08001bf5   Thumb Code    22  stm32f10x_usart.o(.text)
    USART_OneBitMethodCmd                    0x08001c0b   Thumb Code    24  stm32f10x_usart.o(.text)
    USART_IrDAConfig                         0x08001c23   Thumb Code    18  stm32f10x_usart.o(.text)
    USART_IrDACmd                            0x08001c35   Thumb Code    24  stm32f10x_usart.o(.text)
    USART_GetFlagStatus                      0x08001c4d   Thumb Code    26  stm32f10x_usart.o(.text)
    USART_ClearFlag                          0x08001c67   Thumb Code    18  stm32f10x_usart.o(.text)
    USART_GetITStatus                        0x08001c79   Thumb Code    84  stm32f10x_usart.o(.text)
    USART_ClearITPendingBit                  0x08001ccd   Thumb Code    52  stm32f10x_usart.o(.text)
    DMA_DeInit                               0x08001d01   Thumb Code   324  stm32f10x_dma.o(.text)
    DMA_Init                                 0x08001e45   Thumb Code    60  stm32f10x_dma.o(.text)
    DMA_StructInit                           0x08001e81   Thumb Code    26  stm32f10x_dma.o(.text)
    DMA_Cmd                                  0x08001e9b   Thumb Code    24  stm32f10x_dma.o(.text)
    DMA_ITConfig                             0x08001eb3   Thumb Code    18  stm32f10x_dma.o(.text)
    DMA_SetCurrDataCounter                   0x08001ec5   Thumb Code     4  stm32f10x_dma.o(.text)
    DMA_GetCurrDataCounter                   0x08001ec9   Thumb Code     8  stm32f10x_dma.o(.text)
    DMA_GetFlagStatus                        0x08001ed1   Thumb Code    40  stm32f10x_dma.o(.text)
    DMA_ClearFlag                            0x08001ef9   Thumb Code    22  stm32f10x_dma.o(.text)
    DMA_GetITStatus                          0x08001f0f   Thumb Code    40  stm32f10x_dma.o(.text)
    DMA_ClearITPendingBit                    0x08001f37   Thumb Code    22  stm32f10x_dma.o(.text)
    Delay                                    0x08001f55   Thumb Code    26  main.o(.text)
    PORT_Init                                0x08001f6f   Thumb Code   164  main.o(.text)
    ENC_Init                                 0x08002013   Thumb Code   154  main.o(.text)
    BMQRead                                  0x080020ad   Thumb Code    20  main.o(.text)
    MaoCiFilter                              0x080020c1   Thumb Code   276  main.o(.text)
    SendResult                               0x080021d5   Thumb Code   920  main.o(.text)
    UnpackUart2                              0x0800256d   Thumb Code   116  main.o(.text)
    Para_Init                                0x080025e1   Thumb Code   106  main.o(.text)
    main                                     0x0800264b   Thumb Code    86  main.o(.text)
    NMI_Handler                              0x08002719   Thumb Code     2  stm32f10x_it.o(.text)
    HardFault_Handler                        0x0800271b   Thumb Code     4  stm32f10x_it.o(.text)
    MemManage_Handler                        0x0800271f   Thumb Code     4  stm32f10x_it.o(.text)
    BusFault_Handler                         0x08002723   Thumb Code     4  stm32f10x_it.o(.text)
    UsageFault_Handler                       0x08002727   Thumb Code     4  stm32f10x_it.o(.text)
    SVC_Handler                              0x0800272b   Thumb Code     2  stm32f10x_it.o(.text)
    DebugMon_Handler                         0x0800272d   Thumb Code     2  stm32f10x_it.o(.text)
    PendSV_Handler                           0x0800272f   Thumb Code     2  stm32f10x_it.o(.text)
    USB_LP_CAN1_RX0_IRQHandler               0x08002731   Thumb Code     2  stm32f10x_it.o(.text)
    USB_HP_CAN1_TX_IRQHandler                0x08002733   Thumb Code     2  stm32f10x_it.o(.text)
    EXTI2_IRQHandler                         0x08002735   Thumb Code     2  stm32f10x_it.o(.text)
    EXTI9_5_IRQHandler                       0x08002737   Thumb Code     2  stm32f10x_it.o(.text)
    EXTI15_10_IRQHandler                     0x08002739   Thumb Code     2  stm32f10x_it.o(.text)
    TIM2_IRQHandler                          0x0800273b   Thumb Code     2  stm32f10x_it.o(.text)
    TIM3_IRQHandler                          0x0800273d   Thumb Code     2  stm32f10x_it.o(.text)
    TIM4_IRQHandler                          0x0800273f   Thumb Code    22  stm32f10x_it.o(.text)
    USART1_IRQHandler                        0x08002755   Thumb Code   154  stm32f10x_it.o(.text)
    USART2_IRQHandler                        0x080027ef   Thumb Code   154  stm32f10x_it.o(.text)
    SysTickInit                              0x080028b1   Thumb Code   108  systick.o(.text)
    SysTick_Handler                          0x0800291d   Thumb Code   178  systick.o(.text)
    USART2_Config                            0x080029e9   Thumb Code   166  usart.o(.text)
    USARTx_DMA_Config                        0x08002a8f   Thumb Code    86  usart.o(.text)
    MYDMA_Enable                             0x08002ae5   Thumb Code    30  usart.o(.text)
    DelayInit                                0x08002b15   Thumb Code    26  adccs1237.o(.text)
    delay_us                                 0x08002b2f   Thumb Code    30  adccs1237.o(.text)
    delay_ms                                 0x08002b4d   Thumb Code    32  adccs1237.o(.text)
    AdcPortInit                              0x08002b6d   Thumb Code   262  adccs1237.o(.text)
    TIM3_PWM_Init                            0x08002c73   Thumb Code   188  adccs1237.o(.text)
    AdcInit                                  0x08002d2f   Thumb Code   304  adccs1237.o(.text)
    ReadAdc1                                 0x08002e5f   Thumb Code   190  adccs1237.o(.text)
    ReadAdc2                                 0x08002f1d   Thumb Code   146  adccs1237.o(.text)
    ReadAdc3                                 0x08002faf   Thumb Code   146  adccs1237.o(.text)
    ReadAdc4                                 0x08003041   Thumb Code   154  adccs1237.o(.text)
    __scatterload                            0x080030f5   Thumb Code    28  init.o(.text)
    __scatterload_rt2                        0x080030f5   Thumb Code     0  init.o(.text)
    __scatterload_copy                       0x08003119   Thumb Code    14  handlers.o(i.__scatterload_copy)
    __scatterload_null                       0x08003127   Thumb Code     2  handlers.o(i.__scatterload_null)
    __scatterload_zeroinit                   0x08003129   Thumb Code    14  handlers.o(i.__scatterload_zeroinit)
    Region$$Table$$Base                      0x08003138   Number         0  anon$$obj.o(Region$$Table)
    Region$$Table$$Limit                     0x08003158   Number         0  anon$$obj.o(Region$$Table)
    SystemCoreClock                          0x20000000   Data           4  system_stm32f10x.o(.data)
    AHBPrescTable                            0x20000004   Data          16  system_stm32f10x.o(.data)
    vValue                                   0x20000028   Data           4  main.o(.data)
    adcValue                                 0x2000002c   Data           4  main.o(.data)
    g_bBmqStop                               0x20000030   Data           1  main.o(.data)
    g_bReadAdcEN                             0x20000031   Data           1  main.o(.data)
    g_bSending                               0x20000032   Data           1  main.o(.data)
    g_bSendEn                                0x20000033   Data           1  main.o(.data)
    g_bDatProc                               0x20000034   Data           1  main.o(.data)
    g_bSelBigRange                           0x20000035   Data           1  main.o(.data)
    g_bRangeTransFlag                        0x20000036   Data           1  main.o(.data)
    g_URangeTransCount                       0x20000037   Data           1  main.o(.data)
    g_usAdcZeroBuf                           0x20000038   Data           2  main.o(.data)
    g_usAdcAvg                               0x2000003a   Data           2  main.o(.data)
    g_ucAdcNum                               0x2000003c   Data           1  main.o(.data)
    g_ustime                                 0x2000003e   Data           2  main.o(.data)
    g_iad1_dat                               0x20000040   Data           4  main.o(.data)
    g_iad2_dat                               0x20000044   Data           4  main.o(.data)
    g_iad3_dat                               0x20000048   Data           4  main.o(.data)
    g_iad4_dat                               0x2000004c   Data           4  main.o(.data)
    g_iad5_dat                               0x20000050   Data           4  main.o(.data)
    g_iad6_dat                               0x20000054   Data           4  main.o(.data)
    g_cAdcPutOffset                          0x20000058   Data           1  main.o(.data)
    g_cStartSendFlag                         0x20000059   Data           1  main.o(.data)
    g_uCount                                 0x2000005a   Data           1  main.o(.data)
    g_ucAdcResultFlag                        0x2000005b   Data           1  main.o(.data)
    g_iCarCount                              0x2000005c   Data           4  main.o(.data)
    g_i1msFlag                               0x20000060   Data           4  main.o(.data)
    g_uc1msTick                              0x20000064   Data           1  systick.o(.data)
    tmp                                      0x20000068   Data           4  systick.o(.data)
    tmp1                                     0x2000006c   Data           4  systick.o(.data)
    tmp2                                     0x20000070   Data           4  systick.o(.data)
    g_usUart2RecCnt                          0x20000074   Data           2  usart.o(.data)
    g_usUart2SendCnt                         0x20000076   Data           2  usart.o(.data)
    g_usUart2SendMaxVal                      0x20000078   Data           2  usart.o(.data)
    g_Uart2RecValid                          0x2000007a   Data           1  usart.o(.data)
    g_usAdcBuf                               0x2000007c   Data          20  main.o(.bss)
    g_lADCBufSUM                             0x20000090   Data          24  main.o(.bss)
    g_iAdFilterOut                           0x200000a8   Data          24  main.o(.bss)
    g_iAdc1buf                               0x200000c0   Data         100  main.o(.bss)
    g_iAdc2buf                               0x20000124   Data         100  main.o(.bss)
    g_iAdc3buf                               0x20000188   Data         100  main.o(.bss)
    g_iAdc4buf                               0x200001ec   Data         100  main.o(.bss)
    g_iAdc5buf                               0x20000250   Data         100  main.o(.bss)
    g_iAdc6buf                               0x200002b4   Data         100  main.o(.bss)
    g_iAdcZeroBuf                            0x20000318   Data          24  main.o(.bss)
    g_ucUart2RecBuf                          0x20000330   Data          30  usart.o(.bss)
    g_ucUart2SendBuf                         0x2000034e   Data          30  usart.o(.bss)
    __initial_sp                             0x20000770   Data           0  startup_stm32f10x_md.o(STACK)



==============================================================================

Memory Map of the image

  Image Entry point : 0x080000ed

  Load Region LR_IROM1 (Base: 0x08000000, Size: 0x000031d4, Max: 0x00010000, ABSOLUTE)

    Execution Region ER_IROM1 (Exec base: 0x08000000, Load base: 0x08000000, Size: 0x00003158, Max: 0x00010000, ABSOLUTE)

    Exec Addr    Load Addr    Size         Type   Attr      Idx    E Section Name        Object

    0x08000000   0x08000000   0x000000ec   Data   RO            3    RESET               startup_stm32f10x_md.o
    0x080000ec   0x080000ec   0x00000000   Code   RO          370  * .ARM.Collect$$$$00000000  mc_w.l(entry.o)
    0x080000ec   0x080000ec   0x00000004   Code   RO          377    .ARM.Collect$$$$00000001  mc_w.l(entry2.o)
    0x080000f0   0x080000f0   0x00000004   Code   RO          380    .ARM.Collect$$$$00000004  mc_w.l(entry5.o)
    0x080000f4   0x080000f4   0x00000000   Code   RO          382    .ARM.Collect$$$$00000008  mc_w.l(entry7b.o)
    0x080000f4   0x080000f4   0x00000000   Code   RO          384    .ARM.Collect$$$$0000000A  mc_w.l(entry8b.o)
    0x080000f4   0x080000f4   0x00000008   Code   RO          385    .ARM.Collect$$$$0000000B  mc_w.l(entry9a.o)
    0x080000fc   0x080000fc   0x00000000   Code   RO          387    .ARM.Collect$$$$0000000D  mc_w.l(entry10a.o)
    0x080000fc   0x080000fc   0x00000000   Code   RO          389    .ARM.Collect$$$$0000000F  mc_w.l(entry11a.o)
    0x080000fc   0x080000fc   0x00000004   Code   RO          378    .ARM.Collect$$$$00002712  mc_w.l(entry2.o)
    0x08000100   0x08000100   0x00000024   Code   RO            4    .text               startup_stm32f10x_md.o
    0x08000124   0x08000124   0x000001dc   Code   RO           24    .text               system_stm32f10x.o
    0x08000300   0x08000300   0x000000dc   Code   RO           70    .text               misc.o
    0x080003dc   0x080003dc   0x0000035c   Code   RO          116    .text               stm32f10x_gpio.o
    0x08000738   0x08000738   0x000003a4   Code   RO          128    .text               stm32f10x_rcc.o
    0x08000adc   0x08000adc   0x00000e1a   Code   RO          157    .text               stm32f10x_tim.o
    0x080018f6   0x080018f6   0x00000002   PAD
    0x080018f8   0x080018f8   0x00000408   Code   RO          169    .text               stm32f10x_usart.o
    0x08001d00   0x08001d00   0x00000254   Code   RO          181    .text               stm32f10x_dma.o
    0x08001f54   0x08001f54   0x000007c4   Code   RO          196    .text               main.o
    0x08002718   0x08002718   0x00000198   Code   RO          234    .text               stm32f10x_it.o
    0x080028b0   0x080028b0   0x00000138   Code   RO          272    .text               systick.o
    0x080029e8   0x080029e8   0x0000012c   Code   RO          298    .text               usart.o
    0x08002b14   0x08002b14   0x000005e0   Code   RO          317    .text               adccs1237.o
    0x080030f4   0x080030f4   0x00000024   Code   RO          391    .text               mc_w.l(init.o)
    0x08003118   0x08003118   0x0000000e   Code   RO          395    i.__scatterload_copy  mc_w.l(handlers.o)
    0x08003126   0x08003126   0x00000002   Code   RO          396    i.__scatterload_null  mc_w.l(handlers.o)
    0x08003128   0x08003128   0x0000000e   Code   RO          397    i.__scatterload_zeroinit  mc_w.l(handlers.o)
    0x08003136   0x08003136   0x00000002   PAD
    0x08003138   0x08003138   0x00000020   Data   RO          393    Region$$Table       anon$$obj.o


    Execution Region RW_IRAM1 (Exec base: 0x20000000, Load base: 0x08003158, Size: 0x00000770, Max: 0x00005000, ABSOLUTE)

    Exec Addr    Load Addr    Size         Type   Attr      Idx    E Section Name        Object

    0x20000000   0x08003158   0x00000014   Data   RW           25    .data               system_stm32f10x.o
    0x20000014   0x0800316c   0x00000014   Data   RW          129    .data               stm32f10x_rcc.o
    0x20000028   0x08003180   0x0000003c   Data   RW          198    .data               main.o
    0x20000064   0x080031bc   0x00000010   Data   RW          273    .data               systick.o
    0x20000074   0x080031cc   0x00000007   Data   RW          300    .data               usart.o
    0x2000007b   0x080031d3   0x00000001   PAD
    0x2000007c        -       0x000002b4   Zero   RW          197    .bss                main.o
    0x20000330        -       0x0000003c   Zero   RW          299    .bss                usart.o
    0x2000036c   0x080031d3   0x00000004   PAD
    0x20000370        -       0x00000400   Zero   RW            1    STACK               startup_stm32f10x_md.o


==============================================================================

Image component sizes


      Code (inc. data)   RO Data    RW Data    ZI Data      Debug   Object Name

      1504         68          0          0          0       3304   adccs1237.o
         0          0          0          0          0       4500   core_cm3.o
      1988        216          0         60        692       5149   main.o
       220         22          0          0          0       1941   misc.o
        36          8        236          0       1024        912   startup_stm32f10x_md.o
       596          8          0          0          0      14414   stm32f10x_dma.o
       860         38          0          0          0       5869   stm32f10x_gpio.o
       408         40          0          0          0       2492   stm32f10x_it.o
       932         36          0         20          0       9108   stm32f10x_rcc.o
      3610         88          0          0          0      22980   stm32f10x_tim.o
      1032         22          0          0          0       8596   stm32f10x_usart.o
       476         38          0         20          0     249427   system_stm32f10x.o
       312         26          0         16          0      16525   systick.o
       300         18          0          7         60       2195   usart.o

    ----------------------------------------------------------------------
     12276        628        268        124       1780     347412   Object Totals
         0          0         32          0          0          0   (incl. Generated)
         2          0          0          1          4          0   (incl. Padding)

    ----------------------------------------------------------------------

      Code (inc. data)   RO Data    RW Data    ZI Data      Debug   Library Member Name

         0          0          0          0          0          0   entry.o
         0          0          0          0          0          0   entry10a.o
         0          0          0          0          0          0   entry11a.o
         8          4          0          0          0          0   entry2.o
         4          0          0          0          0          0   entry5.o
         0          0          0          0          0          0   entry7b.o
         0          0          0          0          0          0   entry8b.o
         8          4          0          0          0          0   entry9a.o
        30          0          0          0          0          0   handlers.o
        36          8          0          0          0         68   init.o

    ----------------------------------------------------------------------
        88         16          0          0          0         68   Library Totals
         2          0          0          0          0          0   (incl. Padding)

    ----------------------------------------------------------------------

      Code (inc. data)   RO Data    RW Data    ZI Data      Debug   Library Name

        86         16          0          0          0         68   mc_w.l

    ----------------------------------------------------------------------
        88         16          0          0          0         68   Library Totals

    ----------------------------------------------------------------------

==============================================================================


      Code (inc. data)   RO Data    RW Data    ZI Data      Debug   

     12364        644        268        124       1780     346488   Grand Totals
     12364        644        268        124       1780     346488   ELF Image Totals
     12364        644        268        124          0          0   ROM Totals

==============================================================================

    Total RO  Size (Code + RO Data)                12632 (  12.34kB)
    Total RW  Size (RW Data + ZI Data)              1904 (   1.86kB)
    Total ROM Size (Code + RO Data + RW Data)      12756 (  12.46kB)

==============================================================================

